[Timur Scher Films.de/index.html]
[backblue.gif]
[fade.gif]
[index.html]
[cdn.prod.website-files.com/5f931a53edfb8c55904a765a/css/app.css]
[cdn.prod.website-files.com/5f931a53edfb8c55904a765a/5f93500de3964b349ef7e630_mvc_customs_favicon.png]
[cdn.prod.website-files.com/5f931a53edfb8c55904a765a/5f93501829681490247f3884_mvc_customs_webclip.png]
[cdn.jsdelivr.net/npm/@finsweet/cookie-consent@1/fs-cc.js]
[static.elfsight.com/platform/platform.js]
[challenges.cloudflare.com/turnstile/v0/b/4710d66e8fda/api.js]
[cdn.jsdelivr.net/gh/studio-freight/lenis@0.2.28/bundled/lenis.js]
[Timur Scher Films.de/rechtlich/datenschutz.html]
[cdn.prod.website-files.com/5f931a53edfb8c55904a765a/5fbe6188eed168097fa9da91_mvc_logo_weiss.png]
[Timur Scher Films.de/sternenhimmel.html]
[Timur Scher Films.de/fahrzeug-individualisierung.html]
[Timur Scher Films.de/fahrzeug-folierung.html]
[Timur Scher Films.de/felgen-reifen.html]
[Timur Scher Films.de/fahrwerk-spurverbreiterung.html]
[Timur Scher Films.de/hubschrauber-yacht-atvs.html]
[Timur Scher Films.de/brabus.html]
[Timur Scher Films.de/unternehmen.html]
[cdn.prod.website-files.com/5f931a53edfb8c55904a765a/5faaafbd0d379f4cc85c46ea_icons8-search.png]
[cdn.prod.website-files.com/5f931a53edfb8c55904a765a/5fa3d83277fc01300ecd197e_brabus_logo.png]
[cdn.prod.website-files.com/5f931a53edfb8c55904a765a/5fa9841df755a7059fc27b32_bbs_logo_white.png]
[cdn.prod.website-files.com/5f931a53edfb8c55904a765a/60b77649b7ea4fb5671a433e_3m_folie.png]
[cdn.prod.website-files.com/5f931a53edfb8c55904a765a/5fa9841a1746001281bc8eca_oz-racing_logo.png]
[cdn.prod.website-files.com/5f931a53edfb8c55904a765a/60b7764930d6342d744b5b20_avery-logo-800-600.png]
[cdn.prod.website-files.com/5f931a53edfb8c55904a765a/5fa9841a69ea662eb8dec3ee_aez_logo_white.png]
[cdn.prod.website-files.com/5f931a53edfb8c55904a765a/5fa3d832f20d73bf83ba1410_amg_logo.png]
[Timur Scher Films.de/_https_/cdn.prod.website-files.com/5f931a53edfb8c55904a765a/5fb184e20470396400001de0_abstract_compressed-poster-00001.jpg_]
[cdn.prod.website-files.com/5f931a53edfb8c55904a765a/60b11ae61d936e73a31b0b57_sternenhimmel_4.jpg]
[cdn.prod.website-files.com/5f931a53edfb8c55904a765a/60b640dcbb120d19f83ee21a_indi_namen.jpg]
[cdn.prod.website-files.com/5f931a53edfb8c55904a765a/5fa03de0dc6d27aaff7df069_122103207_740505523200848_1395540458364157990_o.jpg]
[cdn.prod.website-files.com/5f931a53edfb8c55904a765a/5fa03d34d7f3f0c0d0e17c59_96265802_634218633829538_2746262244374347776_o.jpg]
[cdn.prod.website-files.com/5f931a53edfb8c55904a765a/60ab8c741be0d2114f309d50_lamborghini_felgen.jpg]
[cdn.prod.website-files.com/5f931a53edfb8c55904a765a/5fa97a3a69fe3b6fafc9187a_download.jpg]
[cdn.prod.website-files.com/5f931a53edfb8c55904a765a/5fc0fa4a234e05579d05bda5_brabus-logo_weiss.png]
[cdn.prod.website-files.com/5f931a53edfb8c55904a765a/5fc0ed7a958e8ccc07042688_stoppuhr_weiss.png]
[cdn.prod.website-files.com/5f931a53edfb8c55904a765a/5fc0ed7ae4b222424b70fbb6_diamant_weiss.png]
[cdn.prod.website-files.com/5f931a53edfb8c55904a765a/5fc0ed7a659401cedf040912_zahrad_weiss.png]
[cdn.prod.website-files.com/5f931a53edfb8c55904a765a/5ff4de29caf38f47656171f1_youtube_icon.png]
[cdn.prod.website-files.com/5f931a53edfb8c55904a765a/6001c4b91fd4635e925f000c_facebook_logo_kreis_weiss.png]
[cdn.prod.website-files.com/5f931a53edfb8c55904a765a/5fbe4625c882141c6f551a97_kontakt_weiss.png]
[cdn.prod.website-files.com/5f931a53edfb8c55904a765a/5fbe46258416f6e33bb818d9_standort_weiss.png]
[cdn.prod.website-files.com/5f931a53edfb8c55904a765a/5fbe46256e22447a483a02da_oeffnungszeiten_weiss.png]
[cdn.prod.website-files.com/5f931a53edfb8c55904a765a/5f934878ca4552b8ffcfa983_mvc_logo_white.png]
[cdn.prod.website-files.com/5f931a53edfb8c55904a765a/5fd21c2c16c98a5608bdff6d_facebook-icon-white Kopie.png]
[cdn.prod.website-files.com/5f931a53edfb8c55904a765a/5ffcb0297afe5adb533da96f_youtube_icon.png]
[cdn.prod.website-files.com/5f931a53edfb8c55904a765a/5ff4cecc0d8c364512c09e7f_instagram-logo_weiss.png]
[cdn.prod.website-files.com/5f931a53edfb8c55904a765a/5ffcb00be618400f92834628_tiktok_icon.png]
[Timur Scher Films.de/rechtlich/impressum.html]
[d3e54v103j8qbb.cloudfront.net/js/jquery-3.5.1.min.dc5e7f18c84b68.js]
[cdn.prod.website-files.com/5f931a53edfb8c55904a765a/js/Timur Scher Films.schunk.6d83011aa4f34449.js]
[cdn.prod.website-files.com/5f931a53edfb8c55904a765a/js/Timur Scher Films.schunk.cefe02b8994ee875.js]
[cdn.prod.website-files.com/5f931a53edfb8c55904a765a/js/Timur Scher Films.schunk.3646b0bdbfc7a235.js]
[Timur Scher Films.de/index.html]
[cdn.prod.website-files.com/5f931a53edfb8c55904a765a/css/app.css]
[cdn.prod.website-files.com/5f931a53edfb8c55904a765a/js/Timur Scher Films.2aa7ba82.06c10e28ec0626b7.js]
[Timur Scher Films.de/rechtlich/datenschutz.html]
[cdn.prod.website-files.com/5f931a53edfb8c55904a765a/js/Timur Scher Films.456e103f.3bdbe9daead5c9fb.js]
[Timur Scher Films.de/_https_/cdn.prod.website-files.com/5f931a53edfb8c55904a765a/60b4d6ca478a7906160cad3f_Timur Scher Films-sternenhimmel-poster-00001.jpg_]
[Timur Scher Films.de/sternenhimmel.html]
[Timur Scher Films.de/_https_/cdn.prod.website-files.com/5f931a53edfb8c55904a765a/60abd8815c4487331be70136_fahrzeug_individualisierung-poster-00001.jpg_]
[Timur Scher Films.de/fahrzeug-individualisierung.html]
[Timur Scher Films.de/_https_/cdn.prod.website-files.com/5f931a53edfb8c55904a765a/60ac1ce469301e7abeb4af6d_black_urus-poster-00001.jpg_]
[Timur Scher Films.de/fahrzeug-folierung.html]
[Timur Scher Films.de/_https_/cdn.prod.website-files.com/5f931a53edfb8c55904a765a/60ac0cc200e8876bb293a30f_ZPerformanceFelge-poster-00001.jpg_]
[Timur Scher Films.de/felgen-reifen.html]
[Timur Scher Films.de/fahrwerk-spurverbreiterung.html]
[Timur Scher Films.de/hubschrauber-yacht-atvs.html]
[cdn.prod.website-files.com/5f931a53edfb8c55904a765a/js/Timur Scher Films.0d1b6385.e14bf33db946cb30.js]
[Timur Scher Films.de/_https_/cdn.prod.website-files.com/5f931a53edfb8c55904a765a/60abc7f11b9186798958a5a6_G800Video-poster-00001.jpg_]
[Timur Scher Films.de/brabus.html]
[cdn.prod.website-files.com/5f931a53edfb8c55904a765a/60b63cf1628ab57c105a46b7_ilham_2.jpg]
[cdn.prod.website-files.com/5f931a53edfb8c55904a765a/5ff4cf5823575d6fa0f48bc1_icons8-envelope.png]
[cdn.prod.website-files.com/5f931a53edfb8c55904a765a/60b113bbaf858c4fa2ab7056_ammar.jpg]
[cdn.prod.website-files.com/5f931a53edfb8c55904a765a/60b113ba3e81a18241ddff94_david.jpg]
[cdn.prod.website-files.com/5f931a53edfb8c55904a765a/64146d83fa08d908666366a3_Timur Scher Films-gabriella-bagandi.jpg]
[cdn.prod.website-files.com/5f931a53edfb8c55904a765a/60b3bb15be1c3f11e83babd8_shirin.jpg]
[cdn.prod.website-files.com/5f931a53edfb8c55904a765a/631e077dd44a436beb9c4409_Timur Scher Films_jesse-lee-baldwin.jpg]
[cdn.prod.website-files.com/5f931a53edfb8c55904a765a/60b113bb9e6d9bbe9e051286_lucas.jpg]
[cdn.prod.website-files.com/5f931a53edfb8c55904a765a/60b113bb1e05a1141754a0e7_sascha.jpg]
[cdn.prod.website-files.com/5f931a53edfb8c55904a765a/626692ded7c50970ea0c3050_lukasz_kaminski_mvc.jpg]
[cdn.prod.website-files.com/5f931a53edfb8c55904a765a/60b113bc34cfe80bbcc5addd_alem.jpg]
[cdn.prod.website-files.com/5f931a53edfb8c55904a765a/60b113bb1d936e2d251aac15_alex.jpg]
[cdn.prod.website-files.com/5f931a53edfb8c55904a765a/66df042406f81afddce91128_evan-jenkis-compressed.jpg]
[Timur Scher Films.de/unternehmen.html]
[Timur Scher Films.de/_https_/cdn.prod.website-files.com/5f931a53edfb8c55904a765a/5fb184e20470396400001de0_abstract_compressed-poster-00001.html]
[Timur Scher Films.de/rechtlich/impressum.html]
[Timur Scher Films.de/_https_/cdn.prod.website-files.com/5f931a53edfb8c55904a765a/60b4d6ca478a7906160cad3f_Timur Scher Films-sternenhimmel-poster-00001.html]
[Timur Scher Films.de/_https_/cdn.prod.website-files.com/5f931a53edfb8c55904a765a/60abd8815c4487331be70136_fahrzeug_individualisierung-poster-00001.html]
[Timur Scher Films.de/_https_/cdn.prod.website-files.com/5f931a53edfb8c55904a765a/60ac1ce469301e7abeb4af6d_black_urus-poster-00001.html]
[Timur Scher Films.de/_https_/cdn.prod.website-files.com/5f931a53edfb8c55904a765a/60ac0cc200e8876bb293a30f_ZPerformanceFelge-poster-00001.html]
[Timur Scher Films.de/_https_/cdn.prod.website-files.com/5f931a53edfb8c55904a765a/60abc7f11b9186798958a5a6_G800Video-poster-00001.html]
